Using src/app as the root directory for Expo Router.
React Compiler enabled
Starting Metro Bundler

| (node:15956) Warning: The 'NO_COLOR' env is ignored due to the 'FORCE_COLOR' env being set.
| (Use `node --trace-warnings ...` to show where the warning was created)
| (node:15956) Warning: The 'NO_COLOR' env is ignored due to the 'FORCE_COLOR' env being set.
| (Use `node --trace-warnings ...` to show where the warning was created)
| (node:15956) Warning: The 'NO_COLOR' env is ignored due to the 'FORCE_COLOR' env being set.
| (Use `node --trace-warnings ...` to show where the warning was created)
| (node:15956) Warning: The 'NO_COLOR' env is ignored due to the 'FORCE_COLOR' env being set.
| (Use `node --trace-warnings ...` to show where the warning was created)
Web Bundled 52733ms node_modules\.pnpm\expo-router@57.0.25_7035eab3852635aa69728ac16e5d44ae\node_modules\expo-router\entry.js (940 modules)
iOS Bundled 65995ms node_modules\.pnpm\expo-router@57.0.25_7035eab3852635aa69728ac16e5d44ae\node_modules\expo-router\entry.js (1328 modules)
Android Bundled 79784ms node_modules\.pnpm\expo-router@57.0.25_7035eab3852635aa69728ac16e5d44ae\node_modules\expo-router\entry.js (1453 modules)

› Assets (60):
node_modules\.pnpm\@expo-google-fonts+material-symbols@0.4.49\node_modules\@expo-google-fonts\material-symbols\400Regular\MaterialSymbols_400Regular.ttf (971KB)
node_modules\.pnpm\@expo-google-fonts+noto-kufi-arabic@0.4.3\node_modules\@expo-google-fonts\noto-kufi-arabic\700Bold\NotoKufiArabic_700Bold.231941f375ddf1bf6856d7213c69f11e.ttf (181KB)
node_modules\.pnpm\@expo-google-fonts+noto-kufi-arabic@0.4.3\node_modules\@expo-google-fonts\noto-kufi-arabic\700Bold\NotoKufiArabic_700Bold.ttf (181KB)
node_modules\.pnpm\@expo-google-fonts+noto-sans-arabic@0.4.3\node_modules\@expo-google-fonts\noto-sans-arabic\400Regular\NotoSansArabic_400Regular.9312b42d104b5903a29b24a65a77933b.ttf (194KB)
node_modules\.pnpm\@expo-google-fonts+noto-sans-arabic@0.4.3\node_modules\@expo-google-fonts\noto-sans-arabic\400Regular\NotoSansArabic_400Regular.ttf (194KB)
node_modules\.pnpm\@expo-google-fonts+noto-sans-arabic@0.4.3\node_modules\@expo-google-fonts\noto-sans-arabic\600SemiBold\NotoSansArabic_600SemiBold.bfaaf1f8c3ee82e8fadd3ebdba9a1868.ttf (194KB)
node_modules\.pnpm\@expo-google-fonts+noto-sans-arabic@0.4.3\node_modules\@expo-google-fonts\noto-sans-arabic\600SemiBold\NotoSansArabic_600SemiBold.ttf (194KB)
node_modules\.pnpm\@expo-google-fonts+noto-sans-arabic@0.4.3\node_modules\@expo-google-fonts\noto-sans-arabic\700Bold\NotoSansArabic_700Bold.441ecf2fddbed1dbc214e8c9cba21b58.ttf (194KB)
node_modules\.pnpm\@expo-google-fonts+noto-sans-arabic@0.4.3\node_modules\@expo-google-fonts\noto-sans-arabic\700Bold\NotoSansArabic_700Bold.ttf (194KB)
node_modules\.pnpm\expo-router@57.0.25_7035eab3852635aa69728ac16e5d44ae\node_modules\expo-router\assets\arrow_down.017bc6ba3fc25503e5eb5e53826d48a8.png (9.5KB)
node_modules\.pnpm\expo-router@57.0.25_7035eab3852635aa69728ac16e5d44ae\node_modules\expo-router\assets\arrow_down.png (9.5KB)
node_modules\.pnpm\expo-router@57.0.25_7035eab3852635aa69728ac16e5d44ae\node_modules\expo-router\assets\arrow_right.xml (307B)
node_modules\.pnpm\expo-router@57.0.25_7035eab3852635aa69728ac16e5d44ae\node_modules\expo-router\assets\checkmark.xml (312B)
node_modules\.pnpm\expo-router@57.0.25_7035eab3852635aa69728ac16e5d44ae\node_modules\expo-router\assets\error.d1ea1496f9057eb392d5bbf3732a61b7.png (469B)
node_modules\.pnpm\expo-router@57.0.25_7035eab3852635aa69728ac16e5d44ae\node_modules\expo-router\assets\error.png (469B)
node_modules\.pnpm\expo-router@57.0.25_7035eab3852635aa69728ac16e5d44ae\node_modules\expo-router\assets\file.19eeb73b9593a38f8e9f418337fc7d10.png (138B)
node_modules\.pnpm\expo-router@57.0.25_7035eab3852635aa69728ac16e5d44ae\node_modules\expo-router\assets\file.png (138B)
node_modules\.pnpm\expo-router@57.0.25_7035eab3852635aa69728ac16e5d44ae\node_modules\expo-router\assets\forward.d8b800c443b8972542883e0b9de2bdc6.png (188B)
node_modules\.pnpm\expo-router@57.0.25_7035eab3852635aa69728ac16e5d44ae\node_modules\expo-router\assets\forward.png (188B)
node_modules\.pnpm\expo-router@57.0.25_7035eab3852635aa69728ac16e5d44ae\node_modules\expo-router\assets\pkg.ab19f4cbc543357183a20571f68380a3.png (364B)
node_modules\.pnpm\expo-router@57.0.25_7035eab3852635aa69728ac16e5d44ae\node_modules\expo-router\assets\pkg.png (364B)
node_modules\.pnpm\expo-router@57.0.25_7035eab3852635aa69728ac16e5d44ae\node_modules\expo-router\assets\react-navigation\elements\back-icon-mask.0a328cd9c1afd0afe8e3b1ec5165b1b4.png (653B)
node_modules\.pnpm\expo-router@57.0.25_7035eab3852635aa69728ac16e5d44ae\node_modules\expo-router\assets\react-navigation\elements\back-icon-mask.png (653B)
node_modules\.pnpm\expo-router@57.0.25_7035eab3852635aa69728ac16e5d44ae\node_modules\expo-router\assets\react-navigation\elements\back-icon.35ba0eaec5a4f5ed12ca16fabeae451d.png (207B)
node_modules\.pnpm\expo-router@57.0.25_7035eab3852635aa69728ac16e5d44ae\node_modules\expo-router\assets\react-navigation\elements\back-icon.png (8 variations | 359B)
node_modules\.pnpm\expo-router@57.0.25_7035eab3852635aa69728ac16e5d44ae\node_modules\expo-router\assets\react-navigation\elements\clear-icon.c94f6478e7ae0cdd9f15de1fcb9e5e55.png (4 variations | 425B)
node_modules\.pnpm\expo-router@57.0.25_7035eab3852635aa69728ac16e5d44ae\node_modules\expo-router\assets\react-navigation\elements\clear-icon.png (4 variations | 425B)
node_modules\.pnpm\expo-router@57.0.25_7035eab3852635aa69728ac16e5d44ae\node_modules\expo-router\assets\react-navigation\elements\close-icon.808e1b1b9b53114ec2838071a7e6daa7.png (4 variations | 235B)
node_modules\.pnpm\expo-router@57.0.25_7035eab3852635aa69728ac16e5d44ae\node_modules\expo-router\assets\react-navigation\elements\close-icon.png (4 variations | 235B)
node_modules\.pnpm\expo-router@57.0.25_7035eab3852635aa69728ac16e5d44ae\node_modules\expo-router\assets\react-navigation\elements\search-icon.286d67d3f74808a60a78d3ebf1a5fb57.png (928B)
node_modules\.pnpm\expo-router@57.0.25_7035eab3852635aa69728ac16e5d44ae\node_modules\expo-router\assets\react-navigation\elements\search-icon.png (7 variations | 592B)
node_modules\.pnpm\expo-router@57.0.25_7035eab3852635aa69728ac16e5d44ae\node_modules\expo-router\assets\sitemap.412dd9275b6b48ad28f5e3d81bb1f626.png (465B)
node_modules\.pnpm\expo-router@57.0.25_7035eab3852635aa69728ac16e5d44ae\node_modules\expo-router\assets\sitemap.png (465B)
node_modules\.pnpm\expo-router@57.0.25_7035eab3852635aa69728ac16e5d44ae\node_modules\expo-router\assets\unmatched.20e71bdf79e3a97bf55fd9e164041578.png (4.8KB)
node_modules\.pnpm\expo-router@57.0.25_7035eab3852635aa69728ac16e5d44ae\node_modules\expo-router\assets\unmatched.png (4.8KB)

› web bundles (1):
_expo/static/js/web/entry-32c39091e328286b5fd365d559b456b0.js (1.5MB)

› ios bundles (1):
_expo/static/js/ios/entry-4dbe871ca976acbfd1ffb05d93cf0265.hbc (3MB)

› android bundles (1):
_expo/static/js/android/entry-06667b6f42da1be4c57d16c59ad762b8.hbc (3.3MB)

› Files (3):
favicon.ico (15KB)
index.html (1.2KB)
metadata.json (4KB)

Exported: dist
